PacMAP Enhanced - C# Demo with Real Mammoth Data
==================================================

PacMAP Enhanced C# Demo Version: 1.0.0
PacMAPSharp Library Version: PacMAP Enhanced v0.3.1 - HNSW: ENABLED, OpenBLAS: SYSTEM

Starting comprehensive PacMAP demonstration...

?? HNSW Quick Debug Test
========================
?? Test data: 1200x3 (triggers HNSW)

?? Test 1: Exact KNN (baseline)
? Exact KNN: FAILED - PacMAP version mismatch detected!
  Expected: v0.3.0
  Actual:   v0.3.1
  Full:     PacMAP Enhanced v0.3.1 - HNSW: ENABLED, OpenBLAS: SYSTEM
Please update the native library or C# wrapper to matching versions.

============================================================
 DEMO: Mammoth 3D Processing with KNN and HNSW
============================================================
 DEMO EXPLANATION:
   This demo processes mammoth 3D data with both exact KNN and HNSW.
   Mammoth data contains X,Y,Z coordinates forming a 3D mammoth shape.
   Goal: Test both neighbor search methods and see timing/results.
   Shows: Quality and performance of both approaches on real data.
   Prepares for: Testing different hyperparameters, quantization, save/load.

? ERROR: Mammoth demo failed: Failed to load REAL mammoth data: Mammoth CSV file not found: Data\mammoth_data.csv
?? Stack trace:    at PacMapDemo.DataLoaders.LoadMammothData(String csvPath, Int32 maxSamples) in C:\PacMAN\PacMapDemo\DataLoaders.cs:line 147
   at PacMapDemo.Program.DemoMammothBothMethods(String outputDir) in C:\PacMAN\PacMapDemo\Program.cs:line 363
ERROR: Error: Failed to load REAL mammoth data: Mammoth CSV file not found: Data\mammoth_data.csv
?? Stack trace:    at PacMapDemo.DataLoaders.LoadMammothData(String csvPath, Int32 maxSamples) in C:\PacMAN\PacMapDemo\DataLoaders.cs:line 147
   at PacMapDemo.Program.DemoMammothBothMethods(String outputDir) in C:\PacMAN\PacMapDemo\Program.cs:line 363
   at PacMapDemo.Program.Main(String[] args) in C:\PacMAN\PacMapDemo\Program.cs:line 70
